// Jest Snapshot v1, https://goo.gl/fbAQLP

exports[`VideoGrid renders with divider 1`] = `<div />`;

exports[`VideoGrid renders with title prop 1`] = `<div />`;

exports[`VideoGrid renders without props 1`] = `<div />`;
