// Jest Snapshot v1, https://goo.gl/fbAQLP

exports[`Subscriptions renders 1`] = `
<Fragment>
  <SideBarHeader
    title="Subscriptions"
  />
  <Subscription
    broadcasting={true}
    label="Music Channel"
  />
  <Subscription
    amountNewVideos={10}
    label="Academind"
  />
  <Subscription
    amountNewVideos={23}
    label="Gearbox Digital"
  />
  <Subscription
    amountNewVideos={4}
    label="Udemy"
  />
  <Subscription
    amountNewVideos={114}
    label="Udacity"
  />
  <Divider />
</Fragment>
`;
